[debug] [2025-11-30T14:43:42.258Z] ----------------------------------------------------------------------
[debug] [2025-11-30T14:43:42.260Z] Command:       /usr/local/bin/node /Users/kya/Desktop/eat/node_modules/.bin/firebase init
[debug] [2025-11-30T14:43:42.260Z] CLI Version:   14.26.0
[debug] [2025-11-30T14:43:42.260Z] Platform:      darwin
[debug] [2025-11-30T14:43:42.260Z] Node Version:  v25.1.0
[debug] [2025-11-30T14:43:42.261Z] Time:          Sun Nov 30 2025 17:43:42 GMT+0300 (East Africa Time)
[debug] [2025-11-30T14:43:42.261Z] ----------------------------------------------------------------------
[debug] 
[info] 
     ######## #### ########  ######## ########     ###     ######  ########
     ##        ##  ##     ## ##       ##     ##  ##   ##  ##       ##
     ######    ##  ########  ######   ########  #########  ######  ######
     ##        ##  ##    ##  ##       ##     ## ##     ##       ## ##
     ##       #### ##     ## ######## ########  ##     ##  ######  ########

You're about to initialize a Firebase project in this directory:

  /Users/kya/Desktop/eat

[debug] [2025-11-30T14:50:02.923Z] ExitPromptError: User force closed the prompt with SIGINT
    at Interface.sigint (/Users/kya/Desktop/eat/node_modules/@inquirer/core/dist/commonjs/lib/create-prompt.js:101:37)
    at Interface.emit (node:events:508:28)
    at Interface.emit (node:domain:489:12)
    at [_ttyWrite] [as _ttyWrite] (node:internal/readline/interface:1317:18)
    at ReadStream.onkeypress (node:internal/readline/interface:284:20)
    at ReadStream.emit (node:events:520:35)
    at ReadStream.emit (node:domain:489:12)
    at emitKeys (node:internal/readline/utils:371:14)
    at emitKeys.next (<anonymous>)
    at ReadStream.onData (node:internal/readline/emitKeypressEvents:64:36)
[error] 
[error] Error: An unexpected error has occurred.
